// Jest Snapshot v1, https://goo.gl/fbAQLP

exports[`ProductCard renders correctly ProductCard component 1`] = `
<div
  className="st-Card"
>
  <div
    className="st-Card__image"
  >
    <img
      alt="Sablés"
      className="image"
      onError={[Function]}
      src="http://example.com/image.jpg"
    />
    <div>
      <div
        className="st-Card__overlay"
      >
        <h3>
          2
           portion
          s
           dans votre Frichti
        </h3>
      </div>
    </div>
  </div>
  <div
    className="st-Card__content"
  >
    <h4>
      Sablés
    </h4>
  </div>
  <div
    className="st-Card__extra"
  >
    <div
      className="st-Card__pricing"
    >
      NaN €
    </div>
    <div
      className="st-Card__actions"
    >
      <button
        className="st-Edit-button__button st-Edit-button__button--dark button disabled"
        onClick={[Function]}
        type="button"
      >
        <img
          alt="minus"
          className="st-Edit-button__icon--white"
          fill="white"
          src="minus.svg"
        />
      </button>
      <button
        className="st-Edit-button__button st-Edit-button__button--light buttontrue"
        onClick={[Function]}
        type="button"
      >
        <img
          alt="plus"
          className="st-Edit-button__icon--dark"
          fill="white"
          src="plus.svg"
        />
      </button>
    </div>
  </div>
</div>
`;
