// Jest Snapshot v1, https://goo.gl/fbAQLP

exports[`ButtonIcon renders correctly ButtonIcon component 1`] = `
<button
  className=""
  onClick={[MockFunction]}
  type="button"
>
  <img
    alt="plus"
    className="st-Edit-button__icon--dark"
    fill="white"
    src="plus.svg"
  />
</button>
`;
