// Jest Snapshot v1, https://goo.gl/fbAQLP

exports[`renders correctly App component 1`] = `null`;
