// Jest Snapshot v1, https://goo.gl/fbAQLP

exports[`Footer renders correctly Footer component 1`] = `
<footer
  className="App__footer"
>
  <a
    className="App__link"
    href="https://frichti.co"
    rel="noopener noreferrer"
    target="_blank"
  >
    frichti.co
  </a>
</footer>
`;
